[Licensing::Module] Trying to connect to existing licensing client channel...
[Licensing::IpcConnector] Channel LicenseClient-mike1 doesn't exist
[Licensing::Module] Successfully launched the LicensingClient (PId: 21212)
[Licensing::IpcConnector] Successfully connected to: "LicenseClient-mike1" at "2026-04-12T13:30:49.9002954Z"
[Licensing::Client] Code 10 while verifying Licensing Client signature (process Id: 21212, path: "C:/Program Files/Unity 2022.3.62f3/Editor/Data/Resources/Licensing/Client/Unity.Licensing.Client.exe")
[Licensing::Module] LicensingClient has failed validation; ignoring
[Licensing::Client] Handshaking with LicensingClient:
  Version:                 1.16.2+bdef8f5
  Session Id:              99f70b2bad44453b842c4a0a6e424673
  Correlation Id:          d4e54bbe29031896b2defc3a4875f3b5
  External correlation Id: 4498307334582664200
  Machine Id:              4LSCAUmkqurP9G+nwD13eJMLEZc=
[Licensing::Module] Successfully connected to LicensingClient on channel: "LicenseClient-mike1" (connect: 2.91s, validation: 0.45s, handshake: 0.12s)
[Licensing::IpcConnector] Successfully connected to: "LicenseClient-mike1-notifications" at "2026-04-12T13:30:50.4714601Z"
[Licensing::Module] Connected to LicensingClient (PId: 21212, launch time: 0.01, total connection time: 3.48s)
[Licensing::Module] Error: Access token is unavailable; failed to update
[Licensing::Client] Error: Code 500 while processing request (status: Unable to update licenses. Errors: No ULF license found.,Token not found in cache)
[Licensing::Client] Error: Code 500 while updating license in client (status: Unable to update licenses. Errors: No ULF license found.,Token not found in cache)
Built from '2022.3/respin/2022.3.62f2-4af31df585-v2' branch; Version is '2022.3.62f3 (96770f904ca7) revision 9860879'; Using compiler version '192829333'; Build Type 'Release'
OS: 'Windows 11  (10.0.26200) 64bit Core' Language: 'ja' Physical Memory: 8034 MB
[Licensing::Client] Error: Code 404 while processing request (status: Found 0 entitlement groups and 0 free entitlements matching requested entitlement ids)
[Licensing::Module] Error: 'com.unity.editor.headless' was not found.
BatchMode: 1, IsHumanControllingUs: 0, StartBugReporterOnCrash: 0, Is64bit: 1, IsPro: 0
[Licensing::Client] Error: Code 404 while processing request (status: Found 0 entitlement groups and 0 free entitlements matching requested entitlement ids)
No valid Unity Editor license found. Please activate your license.
Exiting without the bug reporter. Application will terminate with return code 1